// Jest Snapshot v1, https://goo.gl/fbAQLP

exports[`App renders App component correctly 1`] = `
<div>
  <div
    class="App"
  >
    <header
      class="App-header"
    >
      <p>
        Edit 
        <code>
          src/App.js
        </code>
         and save to reload.
      </p>
      <a
        class="App-link"
        href="https://reactjs.org"
        rel="noopener noreferrer"
        target="_blank"
      >
        Learn React
      </a>
      <button>
        Show Surname
      </button>
    </header>
  </div>
</div>
`;
